kotlin version: 2.2.10
error message: java.lang.OutOfMemoryError: GC overhead limit exceeded
	at java.base/java.util.Collections.singletonIterator(Collections.java:4808)
	at java.base/java.util.Collections$SingletonList.iterator(Collections.java:4951)
	at org.jetbrains.kotlin.fir.expressions.impl.FirResolvedArgumentList.acceptChildren(FirResolvedArgumentList.kt:34)
	at org.jetbrains.kotlin.fir.analysis.collectors.components.ControlFlowAnalysisDiagnosticComponent$LocalPropertyCollector.visitElement(ControlFlowAnalysisDiagnosticComponent.kt:139)
	at org.jetbrains.kotlin.fir.analysis.collectors.components.ControlFlowAnalysisDiagnosticComponent$LocalPropertyCollector.visitElement(ControlFlowAnalysisDiagnosticComponent.kt:114)
	at org.jetbrains.kotlin.fir.visitors.FirVisitor.visitArgumentList(FirVisitor.kt:78)
	at org.jetbrains.kotlin.fir.expressions.FirArgumentList.accept(FirArgumentList.kt:25)
	at org.jetbrains.kotlin.fir.expressions.impl.FirFunctionCallImpl.acceptChildren(FirFunctionCallImpl.kt:55)
	at org.jetbrains.kotlin.fir.analysis.collectors.components.ControlFlowAnalysisDiagnosticComponent$LocalPropertyCollector.visitElement(ControlFlowAnalysisDiagnosticComponent.kt:139)
	at org.jetbrains.kotlin.fir.analysis.collectors.components.ControlFlowAnalysisDiagnosticComponent$LocalPropertyCollector.visitElement(ControlFlowAnalysisDiagnosticComponent.kt:114)
	at org.jetbrains.kotlin.fir.visitors.FirVisitor.visitFunctionCall(FirVisitor.kt:147)
	at org.jetbrains.kotlin.fir.expressions.FirFunctionCall.accept(FirFunctionCall.kt:41)
	at org.jetbrains.kotlin.fir.expressions.impl.FirVariableAssignmentImpl.acceptChildren(FirVariableAssignmentImpl.kt:33)
	at org.jetbrains.kotlin.fir.analysis.collectors.components.ControlFlowAnalysisDiagnosticComponent$LocalPropertyCollector.visitElement(ControlFlowAnalysisDiagnosticComponent.kt:139)
	at org.jetbrains.kotlin.fir.analysis.collectors.components.ControlFlowAnalysisDiagnosticComponent$LocalPropertyCollector.visitElement(ControlFlowAnalysisDiagnosticComponent.kt:114)
	at org.jetbrains.kotlin.fir.visitors.FirVisitor.visitAnnotationContainer(FirVisitor.kt:27)
	at org.jetbrains.kotlin.fir.visitors.FirDefaultVisitor.visitStatement(FirDefaultVisitor.kt:30)
	at org.jetbrains.kotlin.fir.visitors.FirDefaultVisitor.visitVariableAssignment(FirDefaultVisitor.kt:183)
	at org.jetbrains.kotlin.fir.expressions.FirVariableAssignment.accept(FirVariableAssignment.kt:27)
	at org.jetbrains.kotlin.fir.expressions.impl.FirBlockImpl.acceptChildren(FirBlockImpl.kt:37)
	at org.jetbrains.kotlin.fir.analysis.collectors.components.ControlFlowAnalysisDiagnosticComponent$LocalPropertyCollector.visitElement(ControlFlowAnalysisDiagnosticComponent.kt:139)
	at org.jetbrains.kotlin.fir.analysis.collectors.components.ControlFlowAnalysisDiagnosticComponent$LocalPropertyCollector.visitElement(ControlFlowAnalysisDiagnosticComponent.kt:114)
	at org.jetbrains.kotlin.fir.visitors.FirVisitor.visitAnnotationContainer(FirVisitor.kt:27)
	at org.jetbrains.kotlin.fir.visitors.FirDefaultVisitor.visitStatement(FirDefaultVisitor.kt:30)
	at org.jetbrains.kotlin.fir.visitors.FirDefaultVisitor.visitExpression(FirDefaultVisitor.kt:33)
	at org.jetbrains.kotlin.fir.visitors.FirDefaultVisitor.visitBlock(FirDefaultVisitor.kt:42)
	at org.jetbrains.kotlin.fir.expressions.FirBlock.accept(FirBlock.kt:29)
	at org.jetbrains.kotlin.fir.expressions.impl.FirWhileLoopImpl.acceptChildren(FirWhileLoopImpl.kt:37)
	at org.jetbrains.kotlin.fir.analysis.collectors.components.ControlFlowAnalysisDiagnosticComponent$LocalPropertyCollector.visitElement(ControlFlowAnalysisDiagnosticComponent.kt:139)
	at org.jetbrains.kotlin.fir.analysis.collectors.components.ControlFlowAnalysisDiagnosticComponent$LocalPropertyCollector.visitElement(ControlFlowAnalysisDiagnosticComponent.kt:114)
	at org.jetbrains.kotlin.fir.visitors.FirVisitor.visitLoop(FirVisitor.kt:114)
	at org.jetbrains.kotlin.fir.visitors.FirDefaultVisitor.visitWhileLoop(FirDefaultVisitor.kt:66)


